table inet nordvpn {
	set lan_ranges {
		type ipv4_addr
		flags constant,interval
		elements = { 10.0.0.0/8, 169.254.0.0/16,
			     172.16.0.0/12, 192.168.0.0/16 }
	}

	set tcp_allowlist {
		type inet_service
		flags constant,interval
		elements = { 1337 }
	}

	chain input {
		type filter hook input priority filter; policy drop;
		iifname "lo" accept comment "local to local"
		ct mark 0x0000e1f1 accept comment "response for sockets with SO_MARK"
		iifname "nordlynx" ct state established,related accept comment "response to connections inside tunnel"
		iifname != "nordlynx" jump allowlist_input comment "allowlist to local"
	}

	chain allowlist_input {
		tcp dport @tcp_allowlist accept comment "to local TCP ports"
	}

	chain output {
		type route hook output priority mangle; policy drop;
		oifname "lo" accept comment "local to loopback"
		ct mark 0x0000e1f1 accept comment "VPN transport continuation"
		meta mark 0x0000e1f1 ct mark set meta mark accept comment "mark connection for socket with SO_MARK"
		ip daddr @lan_ranges tcp dport 53 drop comment "block to LAN DNS for TCP"
		ip daddr @lan_ranges udp dport 53 drop comment "block to LAN DNS for UDP"
		tcp sport @tcp_allowlist meta mark set 0x0000e1f1 accept comment "from allowlist TCP ports"
		oifname "nordlynx" accept comment "local to VPN"
	}

	chain forward {
		type filter hook forward priority filter; policy drop;
		oifname "nordlynx" accept comment "traffic to VPN"
		iifname "nordlynx" ct state established,related accept comment "response to connections inside tunnel"
		ip daddr @lan_ranges tcp dport 53 drop comment "block to LAN DNS for TCP"
		ip daddr @lan_ranges udp dport 53 drop comment "block to LAN DNS for UDP"
	}

	chain allowlist_nat {
		type nat hook postrouting priority srcnat; policy accept;
		oifname != "nordlynx" tcp sport @tcp_allowlist masquerade comment "fix source IP for TCP allowlist ports"
	}
}
