table inet nordvpn {
	set lan_ranges {
		type ipv4_addr
		flags constant,interval
		elements = { 10.0.0.0/8, 169.254.0.0/16,
			     172.16.0.0/12, 192.168.0.0/16 }
	}

	chain input {
		type filter hook input priority filter; policy accept;
		iifname "lo" accept comment "local to local"
		ct mark 0x0000e1f1 accept comment "response for sockets with SO_MARK"
		iifname "nordlynx" ip saddr 100.64.0.0/10 jump mesh_input comment "meshnet to local"
	}

	chain mesh_input {
		ip saddr 100.64.0.0/29 accept comment "meshnet private IP"
		ct state established,related ct original ip saddr 100.64.0.1 accept comment "responses to my connections only"
		tcp dport 49111 drop comment "meshnet to fileshare"
		drop
	}

	chain output {
		type route hook output priority mangle; policy accept;
		oifname "lo" accept comment "local to loopback"
		ct mark 0x0000e1f1 accept comment "VPN transport continuation"
		meta mark 0x0000e1f1 ct mark set meta mark accept comment "mark connection for socket with SO_MARK"
		oifname "nordlynx" ip daddr 100.64.0.0/10 accept comment "local to meshnet"
	}

	chain forward {
		type filter hook forward priority filter; policy accept;
	}
}
